Error: failed
Success
Warning: low memory
error occurred again
